Archive member included to satisfy reference by file (symbol)

c:/program files (x86)/atollic/truestudio for stm32 9.3.0/armtools/bin/../lib/gcc/arm-atollic-eabi/6.3.1/../../../../arm-atollic-eabi/lib/armv7-m\libc_nano.a(lib_a-errno.o)
                              Src\syscalls.o (__errno)
c:/program files (x86)/atollic/truestudio for stm32 9.3.0/armtools/bin/../lib/gcc/arm-atollic-eabi/6.3.1/../../../../arm-atollic-eabi/lib/armv7-m\libc_nano.a(lib_a-impure.o)
                              c:/program files (x86)/atollic/truestudio for stm32 9.3.0/armtools/bin/../lib/gcc/arm-atollic-eabi/6.3.1/../../../../arm-atollic-eabi/lib/armv7-m\libc_nano.a(lib_a-errno.o) (_impure_ptr)
c:/program files (x86)/atollic/truestudio for stm32 9.3.0/armtools/bin/../lib/gcc/arm-atollic-eabi/6.3.1/../../../../arm-atollic-eabi/lib/armv7-m\libc_nano.a(lib_a-init.o)
                              startup\startup_stm32f103xb.o (__libc_init_array)
c:/program files (x86)/atollic/truestudio for stm32 9.3.0/armtools/bin/../lib/gcc/arm-atollic-eabi/6.3.1/../../../../arm-atollic-eabi/lib/armv7-m\libc_nano.a(lib_a-memset.o)
                              Drivers\STM32F1xx_HAL_Driver\Src\stm32f1xx_hal_rcc.o (memset)
c:/program files (x86)/atollic/truestudio for stm32 9.3.0/armtools/bin/../lib/gcc/arm-atollic-eabi/6.3.1/armv7-m\libgcc.a(_lshrdi3.o)
                              Drivers\STM32F1xx_HAL_Driver\Src\stm32f1xx_hal_flash.o (__aeabi_llsr)

Allocating common symbols
Common symbol       size              file

huart3              0x40              Src\EVMS.o
uwTick              0x4               Drivers\STM32F1xx_HAL_Driver\Src\stm32f1xx_hal.o
pFlash              0x20              Drivers\STM32F1xx_HAL_Driver\Src\stm32f1xx_hal_flash.o
htim3               0x48              Src\EVMS.o
hadc1               0x30              Src\EVMS.o
val                 0x6               Src\EVMS.o
hdma_adc1           0x44              Src\EVMS.o

Discarded input sections

 .text          0x00000000        0x0 c:/program files (x86)/atollic/truestudio for stm32 9.3.0/armtools/bin/../lib/gcc/arm-atollic-eabi/6.3.1/armv7-m/crti.o
 .data          0x00000000        0x0 c:/program files (x86)/atollic/truestudio for stm32 9.3.0/armtools/bin/../lib/gcc/arm-atollic-eabi/6.3.1/armv7-m/crti.o
 .bss           0x00000000        0x0 c:/program files (x86)/atollic/truestudio for stm32 9.3.0/armtools/bin/../lib/gcc/arm-atollic-eabi/6.3.1/armv7-m/crti.o
 .data          0x00000000        0x4 c:/program files (x86)/atollic/truestudio for stm32 9.3.0/armtools/bin/../lib/gcc/arm-atollic-eabi/6.3.1/armv7-m/crtbegin.o
 .text          0x00000000        0x0 Drivers\STM32F1xx_HAL_Driver\Src\stm32f1xx_hal.o
 .data          0x00000000        0x0 Drivers\STM32F1xx_HAL_Driver\Src\stm32f1xx_hal.o
 .bss           0x00000000        0x0 Drivers\STM32F1xx_HAL_Driver\Src\stm32f1xx_hal.o
 .text.HAL_MspInit
                0x00000000        0x2 Drivers\STM32F1xx_HAL_Driver\Src\stm32f1xx_hal.o
 .text.HAL_MspDeInit
                0x00000000        0x2 Drivers\STM32F1xx_HAL_Driver\Src\stm32f1xx_hal.o
 .text.HAL_DeInit
                0x00000000       0x20 Drivers\STM32F1xx_HAL_Driver\Src\stm32f1xx_hal.o
 .text.HAL_GetTickPrio
                0x00000000        0xc Drivers\STM32F1xx_HAL_Driver\Src\stm32f1xx_hal.o
 .text.HAL_SetTickFreq
                0x00000000       0x28 Drivers\STM32F1xx_HAL_Driver\Src\stm32f1xx_hal.o
 .text.HAL_GetTickFreq
                0x00000000        0xc Drivers\STM32F1xx_HAL_Driver\Src\stm32f1xx_hal.o
 .text.HAL_SuspendTick
                0x00000000       0x10 Drivers\STM32F1xx_HAL_Driver\Src\stm32f1xx_hal.o
 .text.HAL_ResumeTick
                0x00000000       0x10 Drivers\STM32F1xx_HAL_Driver\Src\stm32f1xx_hal.o
 .text.HAL_GetHalVersion
                0x00000000        0x8 Drivers\STM32F1xx_HAL_Driver\Src\stm32f1xx_hal.o
 .text.HAL_GetREVID
                0x00000000        0xc Drivers\STM32F1xx_HAL_Driver\Src\stm32f1xx_hal.o
 .text.HAL_GetDEVID
                0x00000000       0x10 Drivers\STM32F1xx_HAL_Driver\Src\stm32f1xx_hal.o
 .text.HAL_GetUIDw0
                0x00000000        0xc Drivers\STM32F1xx_HAL_Driver\Src\stm32f1xx_hal.o
 .text.HAL_GetUIDw1
                0x00000000        0xc Drivers\STM32F1xx_HAL_Driver\Src\stm32f1xx_hal.o
 .text.HAL_GetUIDw2
                0x00000000        0xc Drivers\STM32F1xx_HAL_Driver\Src\stm32f1xx_hal.o
 .text.HAL_DBGMCU_EnableDBGSleepMode
                0x00000000       0x10 Drivers\STM32F1xx_HAL_Driver\Src\stm32f1xx_hal.o
 .text.HAL_DBGMCU_DisableDBGSleepMode
                0x00000000       0x10 Drivers\STM32F1xx_HAL_Driver\Src\stm32f1xx_hal.o
 .text.HAL_DBGMCU_EnableDBGStopMode
                0x00000000       0x10 Drivers\STM32F1xx_HAL_Driver\Src\stm32f1xx_hal.o
 .text.HAL_DBGMCU_DisableDBGStopMode
                0x00000000       0x10 Drivers\STM32F1xx_HAL_Driver\Src\stm32f1xx_hal.o
 .text.HAL_DBGMCU_EnableDBGStandbyMode
                0x00000000       0x10 Drivers\STM32F1xx_HAL_Driver\Src\stm32f1xx_hal.o
[...]
Memory Configuration

Name             Origin             Length             Attributes
RAM              0x20000000         0x00005000         xrw
FLASH            0x08000000         0x00010000         xr
*default*        0x00000000         0xffffffff

Linker script and memory map

LOAD c:/program files (x86)/atollic/truestudio for stm32 9.3.0/armtools/bin/../lib/gcc/arm-atollic-eabi/6.3.1/armv7-m/crti.o
LOAD c:/program files (x86)/atollic/truestudio for stm32 9.3.0/armtools/bin/../lib/gcc/arm-atollic-eabi/6.3.1/armv7-m/crtbegin.o
LOAD Drivers\STM32F1xx_HAL_Driver\Src\stm32f1xx_hal.o
LOAD Drivers\STM32F1xx_HAL_Driver\Src\stm32f1xx_hal_adc.o
LOAD Drivers\STM32F1xx_HAL_Driver\Src\stm32f1xx_hal_adc_ex.o
LOAD Drivers\STM32F1xx_HAL_Driver\Src\stm32f1xx_hal_cortex.o
LOAD Drivers\STM32F1xx_HAL_Driver\Src\stm32f1xx_hal_dma.o
LOAD Drivers\STM32F1xx_HAL_Driver\Src\stm32f1xx_hal_exti.o
LOAD Drivers\STM32F1xx_HAL_Driver\Src\stm32f1xx_hal_flash.o
LOAD Drivers\STM32F1xx_HAL_Driver\Src\stm32f1xx_hal_flash_ex.o
LOAD Drivers\STM32F1xx_HAL_Driver\Src\stm32f1xx_hal_gpio.o
LOAD Drivers\STM32F1xx_HAL_Driver\Src\stm32f1xx_hal_gpio_ex.o
LOAD Drivers\STM32F1xx_HAL_Driver\Src\stm32f1xx_hal_pwr.o
LOAD Drivers\STM32F1xx_HAL_Driver\Src\stm32f1xx_hal_rcc.o
LOAD Drivers\STM32F1xx_HAL_Driver\Src\stm32f1xx_hal_rcc_ex.o
LOAD Drivers\STM32F1xx_HAL_Driver\Src\stm32f1xx_hal_tim.o
LOAD Drivers\STM32F1xx_HAL_Driver\Src\stm32f1xx_hal_tim_ex.o
LOAD Drivers\STM32F1xx_HAL_Driver\Src\stm32f1xx_hal_uart.o
LOAD Src\EVMS.o
LOAD Src\main.o
LOAD Src\stm32f1xx_hal_msp.o
LOAD Src\stm32f1xx_it.o
LOAD Src\syscalls.o
LOAD Src\system_stm32f1xx.o
LOAD Src\utility_funcs.o
LOAD startup\startup_stm32f103xb.o
                0x00000080                malloc_getpagesize_P = 0x80
START GROUP
LOAD c:/program files (x86)/atollic/truestudio for stm32 9.3.0/armtools/bin/../lib/gcc/arm-atollic-eabi/6.3.1/../../../../arm-atollic-eabi/lib/armv7-m\libc_nano.a
LOAD c:/program files (x86)/atollic/truestudio for stm32 9.3.0/armtools/bin/../lib/gcc/arm-atollic-eabi/6.3.1/../../../../arm-atollic-eabi/lib/armv7-m\libm.a
END GROUP
START GROUP
LOAD c:/program files (x86)/atollic/truestudio for stm32 9.3.0/armtools/bin/../lib/gcc/arm-atollic-eabi/6.3.1/armv7-m\libgcc.a
LOAD c:/program files (x86)/atollic/truestudio for stm32 9.3.0/armtools/bin/../lib/gcc/arm-atollic-eabi/6.3.1/../../../../arm-atollic-eabi/lib/armv7-m\libc_nano.a
END GROUP
START GROUP
LOAD c:/program files (x86)/atollic/truestudio for stm32 9.3.0/armtools/bin/../lib/gcc/arm-atollic-eabi/6.3.1/armv7-m\libgcc.a
LOAD c:/program files (x86)/atollic/truestudio for stm32 9.3.0/armtools/bin/../lib/gcc/arm-atollic-eabi/6.3.1/../../../../arm-atollic-eabi/lib/armv7-m\libc_nano.a
LOAD c:/program files (x86)/atollic/truestudio for stm32 9.3.0/armtools/bin/../lib/gcc/arm-atollic-eabi/6.3.1/../../../../arm-atollic-eabi/lib/armv7-m\libnosys.a
END GROUP
START GROUP
LOAD c:/program files (x86)/atollic/truestudio for stm32 9.3.0/armtools/bin/../lib/gcc/arm-atollic-eabi/6.3.1/armv7-m\libgcc.a
LOAD c:/program files (x86)/atollic/truestudio for stm32 9.3.0/armtools/bin/../lib/gcc/arm-atollic-eabi/6.3.1/../../../../arm-atollic-eabi/lib/armv7-m\libc_nano.a
LOAD c:/program files (x86)/atollic/truestudio for stm32 9.3.0/armtools/bin/../lib/gcc/arm-atollic-eabi/6.3.1/../../../../arm-atollic-eabi/lib/armv7-m\libnosys.a
END GROUP
LOAD c:/program files (x86)/atollic/truestudio for stm32 9.3.0/armtools/bin/../lib/gcc/arm-atollic-eabi/6.3.1/armv7-m/crtend.o
LOAD c:/program files (x86)/atollic/truestudio for stm32 9.3.0/armtools/bin/../lib/gcc/arm-atollic-eabi/6.3.1/armv7-m/crtn.o
                0x20005000                _estack = 0x20005000
                0x00000200                _Min_Heap_Size = 0x200
                0x00000400                _Min_Stack_Size = 0x400

.isr_vector     0x08000000      0x10c
                0x08000000                . = ALIGN (0x4)
 *(.isr_vector)
 .isr_vector    0x08000000      0x10c startup\startup_stm32f103xb.o
                0x08000000                g_pfnVectors
                0x0800010c                . = ALIGN (0x4)

.text           0x0800010c     0x1cc0
                0x0800010c                . = ALIGN (0x4)
 *(.text)
 .text          0x0800010c       0x40 c:/program files (x86)/atollic/truestudio for stm32 9.3.0/armtools/bin/../lib/gcc/arm-atollic-eabi/6.3.1/armv7-m/crtbegin.o
 *(.text*)
 .text.HAL_InitTick
                0x0800014c       0x48 Drivers\STM32F1xx_HAL_Driver\Src\stm32f1xx_hal.o
                0x0800014c                HAL_InitTick
 .text.HAL_Init
                0x08000194       0x24 Drivers\STM32F1xx_HAL_Driver\Src\stm32f1xx_hal.o
                0x08000194                HAL_Init
 .text.HAL_IncTick
                0x080001b8       0x18 Drivers\STM32F1xx_HAL_Driver\Src\stm32f1xx_hal.o
                0x080001b8                HAL_IncTick
 .text.HAL_GetTick
                0x080001d0        0xc Drivers\STM32F1xx_HAL_Driver\Src\stm32f1xx_hal.o
                0x080001d0                HAL_GetTick
 .text.HAL_Delay
                0x080001dc       0x24 Drivers\STM32F1xx_HAL_Driver\Src\stm32f1xx_hal.o
                0x080001dc                HAL_Delay
 .text.HAL_ADC_ConvCpltCallback
                0x08000200        0x2 Drivers\STM32F1xx_HAL_Driver\Src\stm32f1xx_hal_adc.o
                0x08000200                HAL_ADC_ConvCpltCallback
 .text.ADC_DMAConvCplt
                0x08000202       0x4e Drivers\STM32F1xx_HAL_Driver\Src\stm32f1xx_hal_adc.o
                0x08000202                ADC_DMAConvCplt
 .text.HAL_ADC_ConvHalfCpltCallback
                0x08000250        0x2 Drivers\STM32F1xx_HAL_Driver\Src\stm32f1xx_hal_adc.o
                0x08000250                HAL_ADC_ConvHalfCpltCallback
 .text.ADC_DMAHalfConvCplt
                0x08000252        0xa Drivers\STM32F1xx_HAL_Driver\Src\stm32f1xx_hal_adc.o
                0x08000252                ADC_DMAHalfConvCplt
 .text.HAL_ADC_ErrorCallback
                0x0800025c        0x2 Drivers\STM32F1xx_HAL_Driver\Src\stm32f1xx_hal_adc.o
                0x0800025c                HAL_ADC_ErrorCallback
 .text.ADC_DMAError
                0x0800025e       0x1a Drivers\STM32F1xx_HAL_Driver\Src\stm32f1xx_hal_adc.o
                0x0800025e                ADC_DMAError
 .text.HAL_ADC_ConfigChannel
                0x08000278      0x108 Drivers\STM32F1xx_HAL_Driver\Src\stm32f1xx_hal_adc.o
                0x08000278                HAL_ADC_ConfigChannel
 .text.ADC_Enable
                0x08000380       0x70 Drivers\STM32F1xx_HAL_Driver\Src\stm32f1xx_hal_adc.o
                0x08000380                ADC_Enable
 .text.HAL_ADC_Start_DMA
                0x080003f0      0x11c Drivers\STM32F1xx_HAL_Driver\Src\stm32f1xx_hal_adc.o
                0x080003f0                HAL_ADC_Start_DMA
 .text.ADC_ConversionStop_Disable
                0x0800050c       0x44 Drivers\STM32F1xx_HAL_Driver\Src\stm32f1xx_hal_adc.o
                0x0800050c                ADC_ConversionStop_Disable
 .text.HAL_ADC_Init
                0x08000550      0x100 Drivers\STM32F1xx_HAL_Driver\Src\stm32f1xx_hal_adc.o
                0x08000550                HAL_ADC_Init
 .text.HAL_NVIC_SetPriorityGrouping
                0x08000650       0x24 Drivers\STM32F1xx_HAL_Driver\Src\stm32f1xx_hal_cortex.o
                0x08000650                HAL_NVIC_SetPriorityGrouping
 .text.HAL_NVIC_SetPriority
                0x08000674       0x68 Drivers\STM32F1xx_HAL_Driver\Src\stm32f1xx_hal_cortex.o
                0x08000674                HAL_NVIC_SetPriority
 .text.HAL_NVIC_EnableIRQ
                0x080006dc       0x1c Drivers\STM32F1xx_HAL_Driver\Src\stm32f1xx_hal_cortex.o
                0x080006dc                HAL_NVIC_EnableIRQ
 .text.HAL_SYSTICK_Config
                0x080006f8       0x2c Drivers\STM32F1xx_HAL_Driver\Src\stm32f1xx_hal_cortex.o
                0x080006f8                HAL_SYSTICK_Config
 .text.HAL_DMA_Init
                0x08000724       0x60 Drivers\STM32F1xx_HAL_Driver\Src\stm32f1xx_hal_dma.o
                0x08000724                HAL_DMA_Init
 .text.HAL_DMA_Start_IT
                0x08000784       0x7a Drivers\STM32F1xx_HAL_Driver\Src\stm32f1xx_hal_dma.o
                0x08000784                HAL_DMA_Start_IT
 *fill*         0x080007fe        0x2 
 .text.HAL_DMA_IRQHandler
                0x08000800      0x128 Drivers\STM32F1xx_HAL_Driver\Src\stm32f1xx_hal_dma.o
                0x08000800                HAL_DMA_IRQHandler
 .text.HAL_GPIO_Init
                0x08000928      0x1c4 Drivers\STM32F1xx_HAL_Driver\Src\stm32f1xx_hal_gpio.o
                0x08000928                HAL_GPIO_Init
 .text.HAL_GPIO_ReadPin
                0x08000aec        0xc Drivers\STM32F1xx_HAL_Driver\Src\stm32f1xx_hal_gpio.o
                0x08000aec                HAL_GPIO_ReadPin
 .text.HAL_GPIO_WritePin
                0x08000af8        0xa Drivers\STM32F1xx_HAL_Driver\Src\stm32f1xx_hal_gpio.o
                0x08000af8                HAL_GPIO_WritePin
 *fill*         0x08000b02        0x2 
 .text.HAL_RCC_OscConfig
                0x08000b04      0x33c Drivers\STM32F1xx_HAL_Driver\Src\stm32f1xx_hal_rcc.o
                0x08000b04                HAL_RCC_OscConfig
 .text.HAL_RCC_GetSysClockFreq
                0x08000e40       0x78 Drivers\STM32F1xx_HAL_Driver\Src\stm32f1xx_hal_rcc.o
                0x08000e40                HAL_RCC_GetSysClockFreq
 .text.HAL_RCC_ClockConfig
                0x08000eb8      0x13c Drivers\STM32F1xx_HAL_Driver\Src\stm32f1xx_hal_rcc.o
                0x08000eb8                HAL_RCC_ClockConfig
 .text.HAL_RCC_GetPCLK1Freq
                0x08000ff4       0x20 Drivers\STM32F1xx_HAL_Driver\Src\stm32f1xx_hal_rcc.o
                0x08000ff4                HAL_RCC_GetPCLK1Freq
 .text.HAL_RCC_GetPCLK2Freq
                0x08001014       0x20 Drivers\STM32F1xx_HAL_Driver\Src\stm32f1xx_hal_rcc.o
                0x08001014                HAL_RCC_GetPCLK2Freq
 .text.HAL_RCCEx_PeriphCLKConfig
                0x08001034       0xf0 Drivers\STM32F1xx_HAL_Driver\Src\stm32f1xx_hal_rcc_ex.o
                0x08001034                HAL_RCCEx_PeriphCLKConfig
 .text.TIM_OC1_SetConfig
                0x08001124       0x50 Drivers\STM32F1xx_HAL_Driver\Src\stm32f1xx_hal_tim.o
 .text.TIM_OC3_SetConfig
                0x08001174       0x54 Drivers\STM32F1xx_HAL_Driver\Src\stm32f1xx_hal_tim.o
 .text.TIM_OC4_SetConfig
                0x080011c8       0x44 Drivers\STM32F1xx_HAL_Driver\Src\stm32f1xx_hal_tim.o
 .text.TIM_Base_SetConfig
                0x0800120c       0x70 Drivers\STM32F1xx_HAL_Driver\Src\stm32f1xx_hal_tim.o
                0x0800120c                TIM_Base_SetConfig
 .text.HAL_TIM_PWM_Init
                0x0800127c       0x58 Drivers\STM32F1xx_HAL_Driver\Src\stm32f1xx_hal_tim.o
                0x0800127c                HAL_TIM_PWM_Init
 .text.TIM_OC2_SetConfig
                0x080012d4       0x58 Drivers\STM32F1xx_HAL_Driver\Src\stm32f1xx_hal_tim.o
                0x080012d4                TIM_OC2_SetConfig
 .text.HAL_TIM_PWM_ConfigChannel
                0x0800132c       0xba Drivers\STM32F1xx_HAL_Driver\Src\stm32f1xx_hal_tim.o
                0x0800132c                HAL_TIM_PWM_ConfigChannel
 .text.TIM_CCxChannelCmd
                0x080013e6       0x1c Drivers\STM32F1xx_HAL_Driver\Src\stm32f1xx_hal_tim.o
                0x080013e6                TIM_CCxChannelCmd
 *fill*         0x08001402        0x2 
 .text.HAL_TIM_PWM_Start
                0x08001404       0x9c Drivers\STM32F1xx_HAL_Driver\Src\stm32f1xx_hal_tim.o
                0x08001404                HAL_TIM_PWM_Start
 .text.HAL_TIMEx_MasterConfigSynchronization
                0x080014a0       0x64 Drivers\STM32F1xx_HAL_Driver\Src\stm32f1xx_hal_tim_ex.o
                0x080014a0                HAL_TIMEx_MasterConfigSynchronization
 .text.UART_SetConfig
                0x08001504       0x74 Drivers\STM32F1xx_HAL_Driver\Src\stm32f1xx_hal_uart.o
 .text.HAL_UART_Init
                0x08001578       0x5c Drivers\STM32F1xx_HAL_Driver\Src\stm32f1xx_hal_uart.o
                0x08001578                HAL_UART_Init
 .text.uint16_t_Read_APPS
                0x080015d4       0x18 Src\EVMS.o
                0x080015d4                uint16_t_Read_APPS
 .text.EVMS_Init
                0x080015ec       0x24 Src\EVMS.o
                0x080015ec                EVMS_Init
 .text.IDLE_Func
                0x08001610       0x64 Src\EVMS.o
                0x08001610                IDLE_Func
 .text.PRECHARGE_Func
                0x08001674       0x48 Src\EVMS.o
                0x08001674                PRECHARGE_Func
 .text.NEUTRAL_Func
                0x080016bc      0x100 Src\EVMS.o
                0x080016bc                NEUTRAL_Func
 .text.DRIVE_Func
                0x080017bc       0x7c Src\EVMS.o
                0x080017bc                DRIVE_Func
 .text.DISCHARGE_Func
                0x08001838       0x60 Src\EVMS.o
                0x08001838                DISCHARGE_Func
 .text.loop     0x08001898       0x2c Src\EVMS.o
                0x08001898                loop
 .text.SystemClock_Config
                0x080018c4       0x70 Src\main.o
                0x080018c4                SystemClock_Config
 .text.startup.main
                0x08001934      0x1d4 Src\main.o
                0x08001934                main
 .text.Error_Handler
                0x08001b08        0x2 Src\main.o
                0x08001b08                Error_Handler
 *fill*         0x08001b0a        0x2 
 .text.HAL_MspInit
                0x08001b0c       0x44 Src\stm32f1xx_hal_msp.o
                0x08001b0c                HAL_MspInit
 .text.HAL_ADC_MspInit
                0x08001b50       0x98 Src\stm32f1xx_hal_msp.o
                0x08001b50                HAL_ADC_MspInit
 .text.HAL_TIM_PWM_MspInit
                0x08001be8       0x28 Src\stm32f1xx_hal_msp.o
                0x08001be8                HAL_TIM_PWM_MspInit
 .text.HAL_TIM_MspPostInit
                0x08001c10       0x4c Src\stm32f1xx_hal_msp.o
                0x08001c10                HAL_TIM_MspPostInit
 .text.HAL_UART_MspInit
                0x08001c5c       0x78 Src\stm32f1xx_hal_msp.o
                0x08001c5c                HAL_UART_MspInit
 .text.NMI_Handler
                0x08001cd4        0x2 Src\stm32f1xx_it.o
                0x08001cd4                NMI_Handler
 .text.HardFault_Handler
                0x08001cd6        0x2 Src\stm32f1xx_it.o
                0x08001cd6                HardFault_Handler
 .text.MemManage_Handler
                0x08001cd8        0x2 Src\stm32f1xx_it.o
                0x08001cd8                MemManage_Handler
 .text.BusFault_Handler
                0x08001cda        0x2 Src\stm32f1xx_it.o
                0x08001cda                BusFault_Handler
 .text.UsageFault_Handler
                0x08001cdc        0x2 Src\stm32f1xx_it.o
                0x08001cdc                UsageFault_Handler
 .text.SVC_Handler
                0x08001cde        0x2 Src\stm32f1xx_it.o
                0x08001cde                SVC_Handler
 .text.DebugMon_Handler
                0x08001ce0        0x2 Src\stm32f1xx_it.o
                0x08001ce0                DebugMon_Handler
 .text.PendSV_Handler
                0x08001ce2        0x2 Src\stm32f1xx_it.o
                0x08001ce2                PendSV_Handler
 .text.SysTick_Handler
                0x08001ce4        0x4 Src\stm32f1xx_it.o
                0x08001ce4                SysTick_Handler
 .text.DMA1_Channel1_IRQHandler
                0x08001ce8        0xc Src\stm32f1xx_it.o
                0x08001ce8                DMA1_Channel1_IRQHandler
 .text.SystemInit
                0x08001cf4        0x2 Src\system_stm32f1xx.o
                0x08001cf4                SystemInit
 .text.map      0x08001cf6       0x18 Src\utility_funcs.o
                0x08001cf6                map
 *fill*         0x08001d0e        0x2 
 .text.Reset_Handler
                0x08001d10       0x48 startup\startup_stm32f103xb.o
                0x08001d10                Reset_Handler
 .text.Default_Handler
                0x08001d58        0x2 startup\startup_stm32f103xb.o
                0x08001d58                RTC_Alarm_IRQHandler
                0x08001d58                EXTI2_IRQHandler
                0x08001d58                TIM1_CC_IRQHandler
                0x08001d58                PVD_IRQHandler
                0x08001d58                EXTI3_IRQHandler
                0x08001d58                EXTI0_IRQHandler
                0x08001d58                I2C2_EV_IRQHandler
                0x08001d58                ADC1_2_IRQHandler
                0x08001d58                SPI1_IRQHandler
                0x08001d58                TAMPER_IRQHandler
                0x08001d58                DMA1_Channel4_IRQHandler
                0x08001d58                USART3_IRQHandler
                0x08001d58                RTC_IRQHandler
                0x08001d58                DMA1_Channel7_IRQHandler
                0x08001d58                CAN1_RX1_IRQHandler
                0x08001d58                TIM4_IRQHandler
                0x08001d58                I2C1_EV_IRQHandler
                0x08001d58                DMA1_Channel6_IRQHandler
                0x08001d58                TIM3_IRQHandler
                0x08001d58                RCC_IRQHandler
                0x08001d58                TIM1_TRG_COM_IRQHandler
                0x08001d58                Default_Handler
                0x08001d58                EXTI15_10_IRQHandler
                0x08001d58                EXTI9_5_IRQHandler
                0x08001d58                SPI2_IRQHandler
                0x08001d58                DMA1_Channel5_IRQHandler
                0x08001d58                EXTI4_IRQHandler
                0x08001d58                USB_LP_CAN1_RX0_IRQHandler
                0x08001d58                USB_HP_CAN1_TX_IRQHandler
                0x08001d58                DMA1_Channel3_IRQHandler
                0x08001d58                TIM1_UP_IRQHandler
                0x08001d58                WWDG_IRQHandler
                0x08001d58                TIM2_IRQHandler
                0x08001d58                TIM1_BRK_IRQHandler
                0x08001d58                EXTI1_IRQHandler
                0x08001d58                USART2_IRQHandler
                0x08001d58                I2C2_ER_IRQHandler
                0x08001d58                DMA1_Channel2_IRQHandler
                0x08001d58                CAN1_SCE_IRQHandler
                0x08001d58                FLASH_IRQHandler
                0x08001d58                USART1_IRQHandler
                0x08001d58                I2C1_ER_IRQHandler
                0x08001d58                USBWakeUp_IRQHandler
 *fill*         0x08001d5a        0x2 
 .text.__libc_init_array
                0x08001d5c       0x48 c:/program files (x86)/atollic/truestudio for stm32 9.3.0/armtools/bin/../lib/gcc/arm-atollic-eabi/6.3.1/../../../../arm-atollic-eabi/lib/armv7-m\libc_nano.a(lib_a-init.o)
                0x08001d5c                __libc_init_array
 .text.memset   0x08001da4       0x10 c:/program files (x86)/atollic/truestudio for stm32 9.3.0/armtools/bin/../lib/gcc/arm-atollic-eabi/6.3.1/../../../../arm-atollic-eabi/lib/armv7-m\libc_nano.a(lib_a-memset.o)
                0x08001da4                memset
 *(.glue_7)
 .glue_7        0x08001db4        0x0 linker stubs
 *(.glue_7t)
 .glue_7t       0x08001db4        0x0 linker stubs
 *(.eh_frame)
 .eh_frame      0x08001db4        0x0 c:/program files (x86)/atollic/truestudio for stm32 9.3.0/armtools/bin/../lib/gcc/arm-atollic-eabi/6.3.1/armv7-m/crtbegin.o
 *(.init)
 .init          0x08001db4        0x4 c:/program files (x86)/atollic/truestudio for stm32 9.3.0/armtools/bin/../lib/gcc/arm-atollic-eabi/6.3.1/armv7-m/crti.o
                0x08001db4                _init
 .init          0x08001db8        0x8 c:/program files (x86)/atollic/truestudio for stm32 9.3.0/armtools/bin/../lib/gcc/arm-atollic-eabi/6.3.1/armv7-m/crtn.o
 *(.fini)
 .fini          0x08001dc0        0x4 c:/program files (x86)/atollic/truestudio for stm32 9.3.0/armtools/bin/../lib/gcc/arm-atollic-eabi/6.3.1/armv7-m/crti.o
                0x08001dc0                _fini
 .fini          0x08001dc4        0x8 c:/program files (x86)/atollic/truestudio for stm32 9.3.0/armtools/bin/../lib/gcc/arm-atollic-eabi/6.3.1/armv7-m/crtn.o
                0x08001dcc                . = ALIGN (0x4)
                0x08001dcc                _etext = .

.vfp11_veneer   0x08001dcc        0x0
 .vfp11_veneer  0x08001dcc        0x0 linker stubs

.v4_bx          0x08001dcc        0x0
 .v4_bx         0x08001dcc        0x0 linker stubs

.iplt           0x08001dcc        0x0
 .iplt          0x08001dcc        0x0 c:/program files (x86)/atollic/truestudio for stm32 9.3.0/armtools/bin/../lib/gcc/arm-atollic-eabi/6.3.1/armv7-m/crtbegin.o

.rodata         0x08001dcc       0x28
                0x08001dcc                . = ALIGN (0x4)
 *(.rodata)
 .rodata        0x08001dcc       0x10 Drivers\STM32F1xx_HAL_Driver\Src\stm32f1xx_hal_rcc.o
 *(.rodata*)
 .rodata.AHBPrescTable
                0x08001ddc       0x10 Src\system_stm32f1xx.o
                0x08001ddc                AHBPrescTable
 .rodata.APBPrescTable
                0x08001dec        0x8 Src\system_stm32f1xx.o
                0x08001dec                APBPrescTable
                0x08001df4                . = ALIGN (0x4)

.rel.dyn        0x08001df4        0x0
 .rel.iplt      0x08001df4        0x0 c:/program files (x86)/atollic/truestudio for stm32 9.3.0/armtools/bin/../lib/gcc/arm-atollic-eabi/6.3.1/armv7-m/crtbegin.o

.ARM.extab
 *(.ARM.extab* .gnu.linkonce.armextab.*)

.ARM            0x08001df4        0x0
                0x08001df4                __exidx_start = .
 *(.ARM.exidx*)
                0x08001df4                __exidx_end = .

.preinit_array  0x08001df4        0x0
                0x08001df4                PROVIDE (__preinit_array_start, .)
 *(.preinit_array*)
                0x08001df4                PROVIDE (__preinit_array_end, .)

.init_array     0x08001df4        0x4
                0x08001df4                PROVIDE (__init_array_start, .)
 *(SORT(.init_array.*))
 *(.init_array*)
 .init_array    0x08001df4        0x4 c:/program files (x86)/atollic/truestudio for stm32 9.3.0/armtools/bin/../lib/gcc/arm-atollic-eabi/6.3.1/armv7-m/crtbegin.o
                0x08001df8                PROVIDE (__init_array_end, .)

.fini_array     0x08001df8        0x4
                [!provide]                PROVIDE (__fini_array_start, .)
 *(SORT(.fini_array.*))
 *(.fini_array*)
 .fini_array    0x08001df8        0x4 c:/program files (x86)/atollic/truestudio for stm32 9.3.0/armtools/bin/../lib/gcc/arm-atollic-eabi/6.3.1/armv7-m/crtbegin.o
                [!provide]                PROVIDE (__fini_array_end, .)
                0x08001dfc                _sidata = LOADADDR (.data)

.data           0x20000000        0xc load address 0x08001dfc
                0x20000000                . = ALIGN (0x4)
                0x20000000                _sdata = .
 *(.data)
 *(.data*)
 .data.uwTickFreq
                0x20000000        0x1 Drivers\STM32F1xx_HAL_Driver\Src\stm32f1xx_hal.o
                0x20000000                uwTickFreq
 *fill*         0x20000001        0x3 
 .data.uwTickPrio
                0x20000004        0x4 Drivers\STM32F1xx_HAL_Driver\Src\stm32f1xx_hal.o
                0x20000004                uwTickPrio
 .data.SystemCoreClock
                0x20000008        0x4 Src\system_stm32f1xx.o
                0x20000008                SystemCoreClock
                0x2000000c                . = ALIGN (0x4)
                0x2000000c                _edata = .

.igot.plt       0x2000000c        0x0 load address 0x08001e08
 .igot.plt      0x2000000c        0x0 c:/program files (x86)/atollic/truestudio for stm32 9.3.0/armtools/bin/../lib/gcc/arm-atollic-eabi/6.3.1/armv7-m/crtbegin.o
                0x2000000c                . = ALIGN (0x4)

.bss            0x2000000c      0x128 load address 0x08001e08
                0x2000000c                _sbss = .
                0x2000000c                __bss_start__ = _sbss
 *(.bss)
 .bss           0x2000000c       0x1c c:/program files (x86)/atollic/truestudio for stm32 9.3.0/armtools/bin/../lib/gcc/arm-atollic-eabi/6.3.1/armv7-m/crtbegin.o
 *(.bss*)
 .bss.currStateM
                0x20000028        0x1 Src\EVMS.o
                0x20000028                currStateM
 .bss.nextStateM
                0x20000029        0x1 Src\EVMS.o
                0x20000029                nextStateM
 *(COMMON)
 *fill*         0x2000002a        0x2 
 COMMON         0x2000002c        0x4 Drivers\STM32F1xx_HAL_Driver\Src\stm32f1xx_hal.o
                0x2000002c                uwTick
 COMMON         0x20000030      0x104 Src\EVMS.o
                0x20000030                huart3
                0x20000070                htim3
                0x200000b8                hadc1
                0x200000e8                val
                0x200000f0                hdma_adc1
                0x20000134                . = ALIGN (0x4)
                0x20000134                _ebss = .
                0x20000134                __bss_end__ = _ebss

._user_heap_stack
                0x20000134      0x600 load address 0x08001e08
                0x20000134                . = ALIGN (0x4)
                0x20000134                PROVIDE (end, .)
                [!provide]                PROVIDE (_end, .)
                0x20000334                . = (. + _Min_Heap_Size)
 *fill*         0x20000134      0x200 
                0x20000734                . = (. + _Min_Stack_Size)
 *fill*         0x20000334      0x400 
                0x20000734                . = ALIGN (0x4)

/DISCARD/
 libc.a(*)
 libm.a(*)
 libgcc.a(*)

.ARM.attributes
                0x00000000       0x29
 *(.ARM.attributes)
 .ARM.attributes
                0x00000000       0x1d c:/program files (x86)/atollic/truestudio for stm32 9.3.0/armtools/bin/../lib/gcc/arm-atollic-eabi/6.3.1/armv7-m/crti.o
 .ARM.attributes
                0x0000001d       0x2d c:/program files (x86)/atollic/truestudio for stm32 9.3.0/armtools/bin/../lib/gcc/arm-atollic-eabi/6.3.1/armv7-m/crtbegin.o
 .ARM.attributes
                0x0000004a       0x33 Drivers\STM32F1xx_HAL_Driver\Src\stm32f1xx_hal.o
 .ARM.attributes
                0x0000007d       0x33 Drivers\STM32F1xx_HAL_Driver\Src\stm32f1xx_hal_adc.o
 .ARM.attributes
                0x000000b0       0x33 Drivers\STM32F1xx_HAL_Driver\Src\stm32f1xx_hal_cortex.o
 .ARM.attributes
                0x000000e3       0x33 Drivers\STM32F1xx_HAL_Driver\Src\stm32f1xx_hal_dma.o
 .ARM.attributes
                0x00000116       0x33 Drivers\STM32F1xx_HAL_Driver\Src\stm32f1xx_hal_gpio.o
 .ARM.attributes
                0x00000149       0x33 Drivers\STM32F1xx_HAL_Driver\Src\stm32f1xx_hal_rcc.o
 .ARM.attributes
                0x0000017c       0x33 Drivers\STM32F1xx_HAL_Driver\Src\stm32f1xx_hal_rcc_ex.o
 .ARM.attributes
                0x000001af       0x33 Drivers\STM32F1xx_HAL_Driver\Src\stm32f1xx_hal_tim.o
 .ARM.attributes
                0x000001e2       0x33 Drivers\STM32F1xx_HAL_Driver\Src\stm32f1xx_hal_tim_ex.o
 .ARM.attributes
                0x00000215       0x33 Drivers\STM32F1xx_HAL_Driver\Src\stm32f1xx_hal_uart.o
 .ARM.attributes
                0x00000248       0x33 Src\EVMS.o
 .ARM.attributes
                0x0000027b       0x33 Src\main.o
 .ARM.attributes
                0x000002ae       0x33 Src\stm32f1xx_hal_msp.o
 .ARM.attributes
                0x000002e1       0x33 Src\stm32f1xx_it.o
 .ARM.attributes
                0x00000314       0x33 Src\system_stm32f1xx.o
 .ARM.attributes
                0x00000347       0x33 Src\utility_funcs.o
 .ARM.attributes
                0x0000037a       0x21 startup\startup_stm32f103xb.o
 .ARM.attributes
                0x0000039b       0x2d c:/program files (x86)/atollic/truestudio for stm32 9.3.0/armtools/bin/../lib/gcc/arm-atollic-eabi/6.3.1/../../../../arm-atollic-eabi/lib/armv7-m\libc_nano.a(lib_a-init.o)
 .ARM.attributes
                0x000003c8       0x2d c:/program files (x86)/atollic/truestudio for stm32 9.3.0/armtools/bin/../lib/gcc/arm-atollic-eabi/6.3.1/../../../../arm-atollic-eabi/lib/armv7-m\libc_nano.a(lib_a-memset.o)
 .ARM.attributes
                0x000003f5       0x1d c:/program files (x86)/atollic/truestudio for stm32 9.3.0/armtools/bin/../lib/gcc/arm-atollic-eabi/6.3.1/armv7-m/crtn.o
OUTPUT(CURT 2020 EVMS.elf elf32-littlearm)

.debug_info     0x00000000     0xf916
 .debug_info    0x00000000      0x7e4 Drivers\STM32F1xx_HAL_Driver\Src\stm32f1xx_hal.o
 .debug_info    0x000007e4      0xeab Drivers\STM32F1xx_HAL_Driver\Src\stm32f1xx_hal_adc.o
 .debug_info    0x0000168f      0xcb2 Drivers\STM32F1xx_HAL_Driver\Src\stm32f1xx_hal_cortex.o
 .debug_info    0x00002341      0x842 Drivers\STM32F1xx_HAL_Driver\Src\stm32f1xx_hal_dma.o
 .debug_info    0x00002b83      0x6ac Drivers\STM32F1xx_HAL_Driver\Src\stm32f1xx_hal_gpio.o
 .debug_info    0x0000322f      0xa0c Drivers\STM32F1xx_HAL_Driver\Src\stm32f1xx_hal_rcc.o
 .debug_info    0x00003c3b      0x496 Drivers\STM32F1xx_HAL_Driver\Src\stm32f1xx_hal_rcc_ex.o
 .debug_info    0x000040d1     0x39ab Drivers\STM32F1xx_HAL_Driver\Src\stm32f1xx_hal_tim.o
 .debug_info    0x00007a7c     0x163f Drivers\STM32F1xx_HAL_Driver\Src\stm32f1xx_hal_tim_ex.o
 .debug_info    0x000090bb     0x165d Drivers\STM32F1xx_HAL_Driver\Src\stm32f1xx_hal_uart.o
 .debug_info    0x0000a718     0x11f9 Src\EVMS.o
 .debug_info    0x0000b911     0x1583 Src\main.o
 .debug_info    0x0000ce94     0x1039 Src\stm32f1xx_hal_msp.o
 .debug_info    0x0000decd      0xb9d Src\stm32f1xx_it.o
 .debug_info    0x0000ea6a      0x29e Src\system_stm32f1xx.o
 .debug_info    0x0000ed08      0xba9 Src\utility_funcs.o
 .debug_info    0x0000f8b1       0x65 startup\startup_stm32f103xb.o

.debug_abbrev   0x00000000     0x25ba
 .debug_abbrev  0x00000000      0x239 Drivers\STM32F1xx_HAL_Driver\Src\stm32f1xx_hal.o
 .debug_abbrev  0x00000239      0x299 Drivers\STM32F1xx_HAL_Driver\Src\stm32f1xx_hal_adc.o
 .debug_abbrev  0x000004d2      0x2f8 Drivers\STM32F1xx_HAL_Driver\Src\stm32f1xx_hal_cortex.o
 .debug_abbrev  0x000007ca      0x22d Drivers\STM32F1xx_HAL_Driver\Src\stm32f1xx_hal_dma.o
 .debug_abbrev  0x000009f7      0x1e4 Drivers\STM32F1xx_HAL_Driver\Src\stm32f1xx_hal_gpio.o
 .debug_abbrev  0x00000bdb      0x2c1 Drivers\STM32F1xx_HAL_Driver\Src\stm32f1xx_hal_rcc.o
 .debug_abbrev  0x00000e9c      0x1c4 Drivers\STM32F1xx_HAL_Driver\Src\stm32f1xx_hal_rcc_ex.o
 .debug_abbrev  0x00001060      0x335 Drivers\STM32F1xx_HAL_Driver\Src\stm32f1xx_hal_tim.o
 .debug_abbrev  0x00001395      0x2ab Drivers\STM32F1xx_HAL_Driver\Src\stm32f1xx_hal_tim_ex.o
 .debug_abbrev  0x00001640      0x300 Drivers\STM32F1xx_HAL_Driver\Src\stm32f1xx_hal_uart.o
 .debug_abbrev  0x00001940      0x260 Src\EVMS.o
 .debug_abbrev  0x00001ba0      0x2ce Src\main.o
 .debug_abbrev  0x00001e6e      0x251 Src\stm32f1xx_hal_msp.o
 .debug_abbrev  0x000020bf      0x1de Src\stm32f1xx_it.o
 .debug_abbrev  0x0000229d      0x12f Src\system_stm32f1xx.o
 .debug_abbrev  0x000023cc      0x1dc Src\utility_funcs.o
 .debug_abbrev  0x000025a8       0x12 startup\startup_stm32f103xb.o

.debug_loc      0x00000000     0x7d7a
 .debug_loc     0x00000000      0x12e Drivers\STM32F1xx_HAL_Driver\Src\stm32f1xx_hal.o
 .debug_loc     0x0000012e      0x873 Drivers\STM32F1xx_HAL_Driver\Src\stm32f1xx_hal_adc.o
 .debug_loc     0x000009a1      0x487 Drivers\STM32F1xx_HAL_Driver\Src\stm32f1xx_hal_cortex.o
 .debug_loc     0x00000e28      0x5ed Drivers\STM32F1xx_HAL_Driver\Src\stm32f1xx_hal_dma.o
 .debug_loc     0x00001415      0x316 Drivers\STM32F1xx_HAL_Driver\Src\stm32f1xx_hal_gpio.o
 .debug_loc     0x0000172b      0x478 Drivers\STM32F1xx_HAL_Driver\Src\stm32f1xx_hal_rcc.o
 .debug_loc     0x00001ba3      0x29d Drivers\STM32F1xx_HAL_Driver\Src\stm32f1xx_hal_rcc_ex.o
 .debug_loc     0x00001e40     0x39a7 Drivers\STM32F1xx_HAL_Driver\Src\stm32f1xx_hal_tim.o
 .debug_loc     0x000057e7      0xf32 Drivers\STM32F1xx_HAL_Driver\Src\stm32f1xx_hal_tim_ex.o
 .debug_loc     0x00006719     0x12c7 Drivers\STM32F1xx_HAL_Driver\Src\stm32f1xx_hal_uart.o
 .debug_loc     0x000079e0       0x7b Src\EVMS.o
 .debug_loc     0x00007a5b       0xe7 Src\stm32f1xx_hal_msp.o
 .debug_loc     0x00007b42       0xcd Src\system_stm32f1xx.o
 .debug_loc     0x00007c0f      0x16b Src\utility_funcs.o

.debug_aranges  0x00000000      0xa88
 .debug_aranges
                0x00000000       0xd8 Drivers\STM32F1xx_HAL_Driver\Src\stm32f1xx_hal.o
 .debug_aranges
                0x000000d8       0xc8 Drivers\STM32F1xx_HAL_Driver\Src\stm32f1xx_hal_adc.o
 .debug_aranges
                0x000001a0       0x90 Drivers\STM32F1xx_HAL_Driver\Src\stm32f1xx_hal_cortex.o
 .debug_aranges
                0x00000230       0x78 Drivers\STM32F1xx_HAL_Driver\Src\stm32f1xx_hal_dma.o
 .debug_aranges
                0x000002a8       0x58 Drivers\STM32F1xx_HAL_Driver\Src\stm32f1xx_hal_gpio.o
 .debug_aranges
                0x00000300       0x88 Drivers\STM32F1xx_HAL_Driver\Src\stm32f1xx_hal_rcc.o
 .debug_aranges
                0x00000388       0x30 Drivers\STM32F1xx_HAL_Driver\Src\stm32f1xx_hal_rcc_ex.o
 .debug_aranges
                0x000003b8      0x298 Drivers\STM32F1xx_HAL_Driver\Src\stm32f1xx_hal_tim.o
 .debug_aranges
                0x00000650      0x118 Drivers\STM32F1xx_HAL_Driver\Src\stm32f1xx_hal_tim_ex.o
 .debug_aranges
                0x00000768      0x170 Drivers\STM32F1xx_HAL_Driver\Src\stm32f1xx_hal_uart.o
 .debug_aranges
                0x000008d8       0x60 Src\EVMS.o
 .debug_aranges
                0x00000938       0x30 Src\main.o
 .debug_aranges
                0x00000968       0x58 Src\stm32f1xx_hal_msp.o
 .debug_aranges
                0x000009c0       0x50 Src\stm32f1xx_it.o
 .debug_aranges
                0x00000a10       0x28 Src\system_stm32f1xx.o
 .debug_aranges
                0x00000a38       0x28 Src\utility_funcs.o
 .debug_aranges
                0x00000a60       0x28 startup\startup_stm32f103xb.o

.debug_ranges   0x00000000      0xdc0
 .debug_ranges  0x00000000       0xc8 Drivers\STM32F1xx_HAL_Driver\Src\stm32f1xx_hal.o
 .debug_ranges  0x000000c8       0xb8 Drivers\STM32F1xx_HAL_Driver\Src\stm32f1xx_hal_adc.o
 .debug_ranges  0x00000180      0x128 Drivers\STM32F1xx_HAL_Driver\Src\stm32f1xx_hal_cortex.o
 .debug_ranges  0x000002a8       0xa8 Drivers\STM32F1xx_HAL_Driver\Src\stm32f1xx_hal_dma.o
 .debug_ranges  0x00000350       0x60 Drivers\STM32F1xx_HAL_Driver\Src\stm32f1xx_hal_gpio.o
 .debug_ranges  0x000003b0       0xa0 Drivers\STM32F1xx_HAL_Driver\Src\stm32f1xx_hal_rcc.o
 .debug_ranges  0x00000450       0x40 Drivers\STM32F1xx_HAL_Driver\Src\stm32f1xx_hal_rcc_ex.o
 .debug_ranges  0x00000490      0x398 Drivers\STM32F1xx_HAL_Driver\Src\stm32f1xx_hal_tim.o
 .debug_ranges  0x00000828      0x108 Drivers\STM32F1xx_HAL_Driver\Src\stm32f1xx_hal_tim_ex.o
 .debug_ranges  0x00000930      0x190 Drivers\STM32F1xx_HAL_Driver\Src\stm32f1xx_hal_uart.o
 .debug_ranges  0x00000ac0       0x70 Src\EVMS.o
 .debug_ranges  0x00000b30       0xf8 Src\main.o
 .debug_ranges  0x00000c28      0x108 Src\stm32f1xx_hal_msp.o
 .debug_ranges  0x00000d30       0x40 Src\stm32f1xx_it.o
 .debug_ranges  0x00000d70       0x18 Src\system_stm32f1xx.o
 .debug_ranges  0x00000d88       0x18 Src\utility_funcs.o
 .debug_ranges  0x00000da0       0x20 startup\startup_stm32f103xb.o

.debug_line     0x00000000     0x6469
 .debug_line    0x00000000      0x3ed Drivers\STM32F1xx_HAL_Driver\Src\stm32f1xx_hal.o
 .debug_line    0x000003ed      0x7da Drivers\STM32F1xx_HAL_Driver\Src\stm32f1xx_hal_adc.o
 .debug_line    0x00000bc7      0x3e6 Drivers\STM32F1xx_HAL_Driver\Src\stm32f1xx_hal_cortex.o
 .debug_line    0x00000fad      0x5fb Drivers\STM32F1xx_HAL_Driver\Src\stm32f1xx_hal_dma.o
 .debug_line    0x000015a8      0x3aa Drivers\STM32F1xx_HAL_Driver\Src\stm32f1xx_hal_gpio.o
 .debug_line    0x00001952      0x582 Drivers\STM32F1xx_HAL_Driver\Src\stm32f1xx_hal_rcc.o
 .debug_line    0x00001ed4      0x336 Drivers\STM32F1xx_HAL_Driver\Src\stm32f1xx_hal_rcc_ex.o
 .debug_line    0x0000220a     0x17df Drivers\STM32F1xx_HAL_Driver\Src\stm32f1xx_hal_tim.o
 .debug_line    0x000039e9      0xb1f Drivers\STM32F1xx_HAL_Driver\Src\stm32f1xx_hal_tim_ex.o
 .debug_line    0x00004508      0xc44 Drivers\STM32F1xx_HAL_Driver\Src\stm32f1xx_hal_uart.o
 .debug_line    0x0000514c      0x3a0 Src\EVMS.o
 .debug_line    0x000054ec      0x3df Src\main.o
 .debug_line    0x000058cb      0x385 Src\stm32f1xx_hal_msp.o
 .debug_line    0x00005c50      0x2d3 Src\stm32f1xx_it.o
 .debug_line    0x00005f23      0x21d Src\system_stm32f1xx.o
 .debug_line    0x00006140      0x2ac Src\utility_funcs.o
 .debug_line    0x000063ec       0x7d startup\startup_stm32f103xb.o

.debug_str      0x00000000     0x3bfb
 .debug_str     0x00000000      0x7ff Drivers\STM32F1xx_HAL_Driver\Src\stm32f1xx_hal.o
                                0x863 (size before relaxing)
 .debug_str     0x000007ff      0x67a Drivers\STM32F1xx_HAL_Driver\Src\stm32f1xx_hal_adc.o
                                0x981 (size before relaxing)
 .debug_str     0x00000e79      0x3c5 Drivers\STM32F1xx_HAL_Driver\Src\stm32f1xx_hal_cortex.o
                                0x97f (size before relaxing)
 .debug_str     0x0000123e      0x220 Drivers\STM32F1xx_HAL_Driver\Src\stm32f1xx_hal_dma.o
                                0x6cd (size before relaxing)
 .debug_str     0x0000145e      0x1ca Drivers\STM32F1xx_HAL_Driver\Src\stm32f1xx_hal_gpio.o
                                0x4d0 (size before relaxing)
 .debug_str     0x00001628      0x322 Drivers\STM32F1xx_HAL_Driver\Src\stm32f1xx_hal_rcc.o
                                0x6b9 (size before relaxing)
 .debug_str     0x0000194a      0x110 Drivers\STM32F1xx_HAL_Driver\Src\stm32f1xx_hal_rcc_ex.o
                                0x491 (size before relaxing)
 .debug_str     0x00001a5a     0x1194 Drivers\STM32F1xx_HAL_Driver\Src\stm32f1xx_hal_tim.o
                               0x1708 (size before relaxing)
 .debug_str     0x00002bee      0x5bd Drivers\STM32F1xx_HAL_Driver\Src\stm32f1xx_hal_tim_ex.o
                                0xf32 (size before relaxing)
 .debug_str     0x000031ab      0x6f4 Drivers\STM32F1xx_HAL_Driver\Src\stm32f1xx_hal_uart.o
                                0xc60 (size before relaxing)
 .debug_str     0x0000389f      0x143 Src\EVMS.o
                                0xbab (size before relaxing)
 .debug_str     0x000039e2       0xa9 Src\main.o
                               0x11cb (size before relaxing)
 .debug_str     0x00003a8b       0x24 Src\stm32f1xx_hal_msp.o
                                0xc01 (size before relaxing)
 .debug_str     0x00003aaf       0xbf Src\stm32f1xx_it.o
                                0xaef (size before relaxing)
 .debug_str     0x00003b6e       0x4d Src\system_stm32f1xx.o
                                0x2e1 (size before relaxing)
 .debug_str     0x00003bbb       0x40 Src\utility_funcs.o
                                0xa56 (size before relaxing)

.comment        0x00000000       0x7c
 .comment       0x00000000       0x7c Drivers\STM32F1xx_HAL_Driver\Src\stm32f1xx_hal.o
                                 0x7d (size before relaxing)
 .comment       0x0000007c       0x7d Drivers\STM32F1xx_HAL_Driver\Src\stm32f1xx_hal_adc.o
 .comment       0x0000007c       0x7d Drivers\STM32F1xx_HAL_Driver\Src\stm32f1xx_hal_cortex.o
 .comment       0x0000007c       0x7d Drivers\STM32F1xx_HAL_Driver\Src\stm32f1xx_hal_dma.o
 .comment       0x0000007c       0x7d Drivers\STM32F1xx_HAL_Driver\Src\stm32f1xx_hal_gpio.o
 .comment       0x0000007c       0x7d Drivers\STM32F1xx_HAL_Driver\Src\stm32f1xx_hal_rcc.o
 .comment       0x0000007c       0x7d Drivers\STM32F1xx_HAL_Driver\Src\stm32f1xx_hal_rcc_ex.o
 .comment       0x0000007c       0x7d Drivers\STM32F1xx_HAL_Driver\Src\stm32f1xx_hal_tim.o
 .comment       0x0000007c       0x7d Drivers\STM32F1xx_HAL_Driver\Src\stm32f1xx_hal_tim_ex.o
 .comment       0x0000007c       0x7d Drivers\STM32F1xx_HAL_Driver\Src\stm32f1xx_hal_uart.o
 .comment       0x0000007c       0x7d Src\EVMS.o
 .comment       0x0000007c       0x7d Src\main.o
 .comment       0x0000007c       0x7d Src\stm32f1xx_hal_msp.o
 .comment       0x0000007c       0x7d Src\stm32f1xx_it.o
 .comment       0x0000007c       0x7d Src\system_stm32f1xx.o
 .comment       0x0000007c       0x7d Src\utility_funcs.o

.debug_frame    0x00000000     0x1f2c
 .debug_frame   0x00000000      0x1d4 Drivers\STM32F1xx_HAL_Driver\Src\stm32f1xx_hal.o
 .debug_frame   0x000001d4      0x298 Drivers\STM32F1xx_HAL_Driver\Src\stm32f1xx_hal_adc.o
 .debug_frame   0x0000046c      0x120 Drivers\STM32F1xx_HAL_Driver\Src\stm32f1xx_hal_cortex.o
 .debug_frame   0x0000058c      0x144 Drivers\STM32F1xx_HAL_Driver\Src\stm32f1xx_hal_dma.o
 .debug_frame   0x000006d0       0xd4 Drivers\STM32F1xx_HAL_Driver\Src\stm32f1xx_hal_gpio.o
 .debug_frame   0x000007a4      0x150 Drivers\STM32F1xx_HAL_Driver\Src\stm32f1xx_hal_rcc.o
 .debug_frame   0x000008f4       0x6c Drivers\STM32F1xx_HAL_Driver\Src\stm32f1xx_hal_rcc_ex.o
 .debug_frame   0x00000960      0x9d0 Drivers\STM32F1xx_HAL_Driver\Src\stm32f1xx_hal_tim.o
 .debug_frame   0x00001330      0x3c8 Drivers\STM32F1xx_HAL_Driver\Src\stm32f1xx_hal_tim_ex.o
 .debug_frame   0x000016f8      0x4a0 Drivers\STM32F1xx_HAL_Driver\Src\stm32f1xx_hal_uart.o
 .debug_frame   0x00001b98       0xe4 Src\EVMS.o
 .debug_frame   0x00001c7c       0x5c Src\main.o
 .debug_frame   0x00001cd8       0xe0 Src\stm32f1xx_hal_msp.o
 .debug_frame   0x00001db8       0xb0 Src\stm32f1xx_it.o
 .debug_frame   0x00001e68       0x30 Src\system_stm32f1xx.o
 .debug_frame   0x00001e98       0x48 Src\utility_funcs.o
 .debug_frame   0x00001ee0       0x2c c:/program files (x86)/atollic/truestudio for stm32 9.3.0/armtools/bin/../lib/gcc/arm-atollic-eabi/6.3.1/../../../../arm-atollic-eabi/lib/armv7-m\libc_nano.a(lib_a-init.o)
 .debug_frame   0x00001f0c       0x20 c:/program files (x86)/atollic/truestudio for stm32 9.3.0/armtools/bin/../lib/gcc/arm-atollic-eabi/6.3.1/../../../../arm-atollic-eabi/lib/armv7-m\libc_nano.a(lib_a-memset.o)
